# t[ps]  u_bias_total[kJ/mol]  u_bias_i(active_biases)
1000  171.343  171.343
1001  231.385  231.385
1002  227.083  227.083
1003  277.857  277.857
1004  280.476  280.476
1005  234.688  234.688
1006  279.746  279.746
1007  213.234  213.234
1008  230.923  230.923
1009  166.189  166.189
1010  245.616  245.616
