# t[ps]  u_bias_total[kJ/mol]  u_bias_i(active_biases)
1000  4461.9  4461.9
1001  4507.37  4507.37
1002  4714.4  4714.4
1003  4310.05  4310.05
1004  4777.9  4777.9
1005  4905.59  4905.59
1006  5439.82  5439.82
1007  5473.03  5473.03
1008  5100.5  5100.5
1009  5112.43  5112.43
1010  4910.88  4910.88
