# t[ps]  u_bias_total[kJ/mol]  u_bias_i(active_biases)
1000  2131.87  2131.87
1001  2180.7  2180.7
1002  2286.27  2286.27
1003  2120.17  2120.17
1004  2072.53  2072.53
1005  1873.36  1873.36
1006  1965.48  1965.48
1007  1893.83  1893.83
1008  2188.21  2188.21
1009  2011.66  2011.66
1010  2238.36  2238.36
