#! FIELDS time indus.n indus.ntilde
 0.000000 132.000000 132.572883
 1.000000 137.000000 137.504776
 2.000000 137.000000 136.184506
 3.000000 137.000000 138.490494
 4.000000 137.000000 135.224234
 5.000000 135.000000 133.666130
 6.000000 132.000000 133.178801
 7.000000 138.000000 137.655269
 8.000000 136.000000 136.116336
 9.000000 134.000000 133.758068
 10.000000 135.000000 135.357360
