# t[ps]  u_bias_total[kJ/mol]  u_bias_i(active_biases)
1000  8787.78  8787.78
1001  9453.78  9453.78
1002  9273.11  9273.11
1003  9589.81  9589.81
1004  9142.8  9142.8
1005  8933.32  8933.32
1006  8868.3  8868.3
1007  9474.49  9474.49
1008  9263.83  9263.83
1009  8945.61  8945.61
1010  9160.81  9160.81
