#! FIELDS time indus.n indus.ntilde restraint.bias indus.maxnormderiv
 0.000000 132.000000 132.572883 8787.784706 46.674159
 1.000000 137.000000 137.504776 9453.781661 46.704004
 2.000000 137.000000 136.184506 9273.109828 46.599476
 3.000000 137.000000 138.490494 9589.808438 46.497911
 4.000000 137.000000 135.224234 9142.796729 46.695609
 5.000000 135.000000 133.666130 8933.317191 46.432881
 6.000000 132.000000 133.178801 8868.296459 46.453153
 7.000000 138.000000 137.655269 9474.486609 46.434360
 8.000000 136.000000 136.116336 9263.828420 46.705292
 9.000000 134.000000 133.758068 8945.610364 46.350159
 10.000000 135.000000 135.357360 9160.807427 45.453113
